// Jest Snapshot v1, https://goo.gl/fbAQLP

exports[`Actions: search when an error occurs during a request should dispatch a SEARCH_FAILURE action 1`] = `
Object {
  "message": "something broke",
  "response": Object {
    "statusText": "404",
  },
  "type": "SEARCH_FAILURE",
}
`;

exports[`Actions: search when receiving a set of users should dispatch a SEARCH_SUCCESS action with the necessary data 1`] = `
Object {
  "pagination": Object {},
  "query": "foo",
  "result": Array [
    123,
    456,
  ],
  "totalResults": 2,
  "type": "SEARCH_SUCCESS",
}
`;

exports[`Actions: search when requesting users via a search term should dispatch a SEARCH_REQUEST action 1`] = `
Object {
  "search": Object {
    "query": "simon",
  },
  "type": "SEARCH_REQUEST",
}
`;
