exports[`Component: SearchHeader should render 1`] = `
<div
  className="SearchHeader_16l6lg7">
  <div
    className="SearchHeader_text_lmjs6u">
    <h1
      className="SearchHeader_title_1cswrtu">
      GitHub User Search
    </h1>
    <p
      className="SearchHeader_desc_h76sf7">
      Browse users and their profiles via 
      <a
        href="https://developer.github.com/v3/">
        the GitHub API
      </a>
    </p>
  </div>
  <div
    className="SearchHeader_children_q7zmln">
    <div>
      inner component
    </div>
  </div>
</div>
`;
