exports[`Component: Container should render 1`] = `
<div
  className="Container_10ki57k">
  <div
    className="Container_inner_ydook-o_O-Container_padding_1w7u9r8">
    <div>
      inner component
    </div>
  </div>
</div>
`;

exports[`Component: Container should render style overrides 1`] = `
<div
  className="Container_10ki57k">
  <div
    className="Container_inner_ydook-o_O-Container_padding_1w7u9r8">
    <div>
      inner component
    </div>
  </div>
</div>
`;
