// Jest Snapshot v1, https://goo.gl/fbAQLP

exports[`Reducer: entities when action has an entities property should merge the object into the state 1`] = `
Object {
  "other": Object {
    "foo": "bar",
  },
  "users": Object {
    "123": Object {
      "name": "bar",
    },
    "456": Object {
      "name": "foo",
    },
    "789": Object {
      "name": "baz",
    },
  },
}
`;

exports[`Reducer: entities when passed no state should return the initial state 1`] = `
Object {
  "repos": Object {},
  "users": Object {},
}
`;
