// Jest Snapshot v1, https://goo.gl/fbAQLP

exports[`Component: Container should render 1`] = `
<div
  className="Container_16pg94n"
>
  <div
    className="Container_inner_w9z6jj-o_O-Container_padding_1cv73u5"
  >
    <div>
      inner component
    </div>
  </div>
</div>
`;

exports[`Component: Container should render style overrides 1`] = `
<div
  className="Container_16pg94n"
>
  <div
    className="Container_inner_w9z6jj-o_O-Container_padding_1cv73u5"
  >
    <div>
      inner component
    </div>
  </div>
</div>
`;
