// Jest Snapshot v1, https://goo.gl/fbAQLP

exports[`Component: Image should hide the spinner if the image is loaded 1`] = `"<div class=\\"Image_e296pg\\" style=\\"min-height:60px\\"><img alt=\\"\\" class=\\"u-imgResponsive\\" src=\\"test.png\\"/></div>"`;

exports[`Component: Image should render 1`] = `
<div
  className="Image_e296pg"
  style={
    Object {
      "minHeight": 60,
    }
  }
>
  <img
    alt=""
    className="u-imgResponsive"
    onLoad={[Function]}
    src="test.png"
  />
  <svg />
</div>
`;
