// Jest Snapshot v1, https://goo.gl/fbAQLP

exports[`Component: Logo should render 1`] = `
<div>
  <h1
    className="Logo_title_5kripx"
  >
    <a
      className="Logo_link_18deiwy"
      href="/"
      onClick={[Function]}
    >
      GitHub User Search
    </a>
  </h1>
  <p
    className="Logo_subTitle_1r70osc"
  >
    Browse users and their profiles via 
    <a
      href="https://developer.github.com/v3/"
    >
      the GitHub API
    </a>
  </p>
</div>
`;
