// Jest Snapshot v1, https://goo.gl/fbAQLP

exports[`Component: RepoList should render Repo components 1`] = `
<ul>
  <li
    className="RepoList_item_dgdnyv"
  >
    <div>
      <p
        className="Repo_name_y4kf6o u-flex u-flexAlignItemsBaseline"
      >
        <a
          href="https://github.com/smgt/dotfiles"
        >
          dotfiles
        </a>
      </p>
      <p
        className="Repo_desc_ylvipy"
      >
        My dotfiles, originally forked from Holmans dotfiles.
      </p>
      <div
        className="Repo_footer_de3o52 u-flex u-flexWrap u-flexAlignItemsCenter"
      >
        <p
          className="Repo_footerItem_vaj62s"
        >
          Vim script
        </p>
        <div
          className="Repo_footerItem_vaj62s u-flex u-flexAlignItemsCenter"
        >
          <svg />
          <p>
            3
          </p>
        </div>
        <div
          className="Repo_footerItem_vaj62s u-flex u-flexAlignItemsCenter"
        >
          <svg />
          <p>
            0
          </p>
        </div>
        <p
          className="u-sm-flexExpandLeft"
        >
          updated 
          about 1 hour
           ago
        </p>
      </div>
    </div>
  </li>
  <li
    className="RepoList_item_dgdnyv"
  >
    <div>
      <p
        className="Repo_name_y4kf6o u-flex u-flexAlignItemsBaseline"
      >
        <a
          href="https://github.com/smgt/dotfiles"
        >
          dotfiles
        </a>
        <span
          className="Repo_fork_1im0xn8"
        >
          (fork)
        </span>
      </p>
      <p
        className="Repo_desc_ylvipy"
      >
        My dotfiles, originally forked from Holmans dotfiles.
      </p>
      <div
        className="Repo_footer_de3o52 u-flex u-flexWrap u-flexAlignItemsCenter"
      >
        <p
          className="Repo_footerItem_vaj62s"
        >
          Vim script
        </p>
        <div
          className="Repo_footerItem_vaj62s u-flex u-flexAlignItemsCenter"
        >
          <svg />
          <p>
            3
          </p>
        </div>
        <div
          className="Repo_footerItem_vaj62s u-flex u-flexAlignItemsCenter"
        >
          <svg />
          <p>
            0
          </p>
        </div>
        <p
          className="u-sm-flexExpandLeft"
        >
          updated 
          about 1 hour
           ago
        </p>
      </div>
    </div>
  </li>
</ul>
`;

exports[`Component: RepoList should render a Loading component when isPending 1`] = `
<div
  className="u-flex u-flexJustifyCenter u-flexAlignItemsCenter"
>
  <svg />
</div>
`;
