// Jest Snapshot v1, https://goo.gl/fbAQLP

exports[`Component: SearchForm should render as expected 1`] = `
<form
  className="SearchForm_13hv8io"
  onSubmit={[Function]}
>
  <label
    className="hiddenVisually_1qrrm43"
    htmlFor="searchInput"
  >
    Search for a user
  </label>
  <input
    className="SearchForm_input_9ohod8"
    id="searchInput"
    onChange={[Function]}
    placeholder="Search for a user, e.g. simonsmith"
    type="text"
    value=""
  />
  <button
    className="SearchForm_btn_tixetf"
    type="submit"
  >
    <svg />
    <span
      className="hiddenVisually_1qrrm43"
    >
      Submit
    </span>
  </button>
</form>
`;

exports[`Component: SearchForm when the form is submitted and the state has an input value should pass the value to the onSubmit function 1`] = `
Array [
  "test",
]
`;
