// Jest Snapshot v1, https://goo.gl/fbAQLP

exports[`Component: User should render 1`] = `
Object {
  "component": <a
    className="a b"
    href="/simon"
    onClick={[Function]}
  >
    <div
      className="c"
    >
      <div
        className="f"
        style={
          Object {
            "minHeight": 60,
          }
        }
      >
        <img
          alt="simon's avatar"
          className="e k l m"
          onLoad={[Function]}
          src="url&s=180"
          theme={Object {}}
          width={90}
        />
        <svg />
      </div>
    </div>
    <p
      className="d"
    >
      simon
    </p>
  </a>,
  "styles": "
    .a{color:inherit}
    .b{display:flex}
    .c{margin-right:15px}
    .d{font-size:20px}
    .e{border-radius:8px}
    .f{position:relative}
    .g{left:50%}
    .h{top:50%}
    .i{position:absolute}
    .j{transform:translate(-50%, -50%)}
    .k{display:block}
    .l{min-width:100%}
    .m{height:auto}",
}
`;
