// Jest Snapshot v1, https://goo.gl/fbAQLP

exports[`Component: Stats should render 1`] = `
Object {
  "component": <ul
    className="a"
  >
    <li
      className="b a c d"
    >
      <p
        className="e"
      >
        bar
      </p>
      <p
        className="f"
      >
        Foo
      </p>
    </li>
    <li
      className="b a c d"
    >
      <p
        className="e"
      >
        yo
      </p>
      <p
        className="f"
      >
        Bla
      </p>
    </li>
  </ul>,
  "styles": "
    .a{display:flex}
    .b{margin-right:28px}
    .c{flex-direction:column}
    .d{align-items:center}
    .e{font-size:30px}
    .f{font-size:14px}",
}
`;
